Model Technology ModelSim - Intel FPGA Edition vcom 2020.1 Compiler 2020.02 Feb 28 2020
Start time: 17:29:05 on Dec 18,2025
vcom ASSEMBLER/alu.vhd 
-- Loading package STANDARD
-- Loading package TEXTIO
-- Loading package std_logic_1164
-- Loading package NUMERIC_STD
-- Compiling entity ALU
-- Compiling architecture Behavioral of ALU
** Error: ASSEMBLER/alu.vhd(40): (vcom-1136) Unknown identifier "offset_extended".
** Error: ASSEMBLER/alu.vhd(40): Expression is not a signal.
** Error: ASSEMBLER/alu.vhd(61): Illegal sequential statement.
** Error: ASSEMBLER/alu.vhd(69): Illegal sequential statement.
** Error: ASSEMBLER/alu.vhd(77): Illegal sequential statement.
** Error: ASSEMBLER/alu.vhd(88): Illegal sequential statement.
** Error: ASSEMBLER/alu.vhd(94): Illegal sequential statement.
** Error: ASSEMBLER/alu.vhd(102): Illegal sequential statement.
** Note: ASSEMBLER/alu.vhd(127): VHDL Compiler exiting
End time: 17:29:05 on Dec 18,2025, Elapsed time: 0:00:00
Errors: 8, Warnings: 0
